Unknown: #[bad-lexical-env.kl:3.24-3.25]
          <y>
