missing-import.kl:3.22-3.27: Not available at phase p0: magic
