Type mismatch at type-errors.kl:3.36-3.37. Expected Syntax but got Integer
