User error; no such file: "/home/doyougnu/programming/klister/examples/non-examples/stack-traces/doyougnu@7thChamber.38408:1735135986"
