Error at phase p0:
    error-in-let.kl:4.42-4.53: Im-an-error
    stack trace:
    ---- with function #<closure>
    ---- in let #[error-in-let.kl:4.22-4.24]<go>!!(Var 382123)!!
    ---- Halt
