pure #[error-in-bind-tail.kl:4.15-4.28]<hello-go-boom> >>= #<closure> : ∀(α : *). (Macro α)
