Internal error during expansion! This is a bug in the implementation.
All patterns should be identifier-headed
