Unknown: #[error-in-pure-macro.kl:26.10-26.11]
          <x>
