Error at phase p0:
    error-in-case-constructor.kl:12.20-12.31:
      Im-an-errer
    stack trace:
    ---- Halt
